****************************************************************************************
CANBUS

- Partir de imagen limpia de raspbian
- Conectar a raspberry
	$ nmap -sP 192.168.1.0/24
	$ ssh -o UserKnownHostsFile=/dev/null -o StrictHostKeyChecking=no transport@192.168.1.102
	$ ssh -o UserKnownHostsFile=/dev/null -o StrictHostKeyChecking=no pi@192.168.1.102

BLUETOOTH
- Ver estado servicio bluetooth
	$ sudo service bluetooth status
	Información extendida (puede dar info de errores)
	$ sudo service bluetooth status -l
- hcitool
	Ver dispositivos locales:
	$ sudo hcitool dev
	Deberia salir un hci0 con una direccion bluetooth
- Instalar aplicacion canbus
- Ejecutar aplicacion canbus en raspberry
	$ sudo java -jar canbus.jar
	Para que encuentre librerias del puerto serie
	$ sudo java -Djava.library.path=/usr/lib/jni -jar canbus.jar
- Abir log
	$ sudo tail -500f /opt/canbus/log/transport.log

GPS
	$ sudo raspi-config
	En Serial, responder no y si.
	$ sudo reboot
	$ ls -l /dev
		lrwxrwxrwx 1 root root           5 Feb 22 16:38 serial0 -> ttyS0
		lrwxrwxrwx 1 root root           7 Feb 22 16:38 serial1 -> ttyAMA0
	El GPS está en ttyS0
	Otra forma de leer del GPS:
	$ sudo grep GPRMC /dev/ttyS0
	$ sudo cat /dev/ttyS0

	Para la app
	$ sudo ln -s /dev/ttyS0 /dev/ttyS80
	$ sudo java -jar canbus.jar

CONFIGURACION DEL CANBUS
$ sudo bluetoothctl
	power on
	agent on
	default-agent
	pairable on
	discoverable on
	scan on

Aparece lista de dispositivos bluetooth. Coger el de nombre OBDII
	pair <bd>
	trust <bd>

Busqueda de dispositivos bluetooth con conexion a puerto serie
$ sudo sdptool search sp
Inquiring ...
Searching for sp on 5C:F3:70:88:34:24 ...
Service Name: COM5
Service Description: COM5
Service RecHandle: 0x1003d
Service Class ID List:
  "Serial Port" (0x1101)
Protocol Descriptor List:
  "L2CAP" (0x0100)
  "RFCOMM" (0x0003)
    Channel: 8
Language Base Attr List:
  code_ISO639: 0x656e
  encoding:    0x6a
  base_offset: 0x100
Profile Descriptor List:
  "Serial Port" (0x1101)
    Version: 0x0100

De la respuesta INTERESA:
	Direccion: En este caso 5C:F3:70:88:34:24
	Canal: En este caso 8

Conexion a la direccion y canal encontrados:
$ sudo rfcomm bind /dev/rfcomm0 5C:F3:70:88:34:24 8

Liberar Conexion:
$ sudo rfcomm release /dev/rfcomm0

Verificar que funciona:
$ sudo apt-get install screen
$ sudo screen /dev/rfcomm0
	para salir de screen, Ctrl+A y después pulsar "d"
>ATZ
ELM327 v1.3a OBDGPSLogger
>ATL1
OK
>ATH1
OK
>ATS1
OK
>ATSP0
OK
>010C <-------------- RPM
41 0C 88 EC 74

Ver si un bluetooth está en alcance:
$ sudo l2ping 5C:F3:70:88:34:24


RXTX
$ sudo apt-get install librxtx-java
$ sudo java -Djava.library.path=/usr/lib/jni/ -jar bluetooth.jar


Direcciones Bluetooth:
	001DA568988B - Name: OBDII
	645A04C1C397 - Name: Toshiba
	5CF370883424 - Name: Toshiba ASUS
	24DA9B132084 - Name: MotoG3
	5CF370883433 - Name: PC
UUID
	Canbus: 0x1101
	OBEX Object Push: 0x1105
	Shit: 0x0100

OBDSIM
	$ obdsim -w COM5




